// Jest Snapshot v1, https://goo.gl/fbAQLP

exports[`Header component renders Header 1`] = `
<h1>
  This is RESTMAN...
</h1>
`;
