// Jest Snapshot v1, https://goo.gl/fbAQLP

exports[`History Item component renders History Item 1`] = `
<ContextProvider
  value={
    Object {
      "history": Array [],
      "method": "GET",
      "onChange": [Function],
      "onSubmit": [Function],
      "response": Array [],
      "textBody": "",
      "url": "",
    }
  }
>
  <HistoryItem />
</ContextProvider>
`;
